// Vitest Snapshot v1, https://vitest.dev/guide/snapshot.html

exports[`server/routes.ts inventory > matches snapshot of all Express path registrations 1`] = `
[
  "/api/account/data-export-step-up",
  "/api/account/data-export-step-up-status",
  "/api/account/export",
  "/api/account/import",
  "/api/account/import/challenge",
  "/api/account/phone/verify/confirm",
  "/api/account/totp/disable",
  "/api/account/totp/enrollment/confirm",
  "/api/account/totp/enrollment/start",
  "/api/account/totp/status",
  "/api/adherence/interventions",
  "/api/adherence/interventions/:id/acknowledge",
  "/api/adherence/refresh",
  "/api/admin/analytics/overview",
  "/api/admin/ban/:userId",
  "/api/admin/export",
  "/api/admin/export/:userId",
  "/api/admin/feedback-inbox",
  "/api/admin/feedback-inbox/:feedbackEventId/review",
  "/api/admin/feedback-inbox/review-bulk",
  "/api/admin/import",
  "/api/admin/import/validate",
  "/api/admin/premium/retention",
  "/api/admin/security-alerts",
  "/api/admin/security-alerts/analyze",
  "/api/admin/security-events",
  "/api/admin/security-logs",
  "/api/admin/step-up",
  "/api/admin/step-up-status",
  "/api/admin/storage",
  "/api/admin/storage/attachment-retention-run",
  "/api/admin/storage/retention-dry-run",
  "/api/admin/unban/:userId",
  "/api/admin/usage",
  "/api/admin/usage/capture",
  "/api/admin/users",
  "/api/admin/users/:userId/ban",
  "/api/admin/users/:userId/unban",
  "/api/analytics/overview",
  "/api/attachments",
  "/api/attachments/:assetId",
  "/api/attachments/:assetId/download",
  "/api/attachments/upload-url",
  "/api/attachments/upload/:token",
  "/api/auth/admin/reset-password",
  "/api/auth/config",
  "/api/auth/forgot-password",
  "/api/auth/login",
  "/api/auth/logout",
  "/api/auth/me",
  "/api/auth/register",
  "/api/auth/reset-password",
  "/api/auth/security-question",
  "/api/auth/security-question/set",
  "/api/auth/security-question/status",
  "/api/auth/totp/pending",
  "/api/auth/totp/verify",
  "/api/auth/verify-security-answer",
  "/api/billing-bridge/reconcile",
  "/api/billing-bridge/run",
  "/api/billing-bridge/status",
  "/api/billing/payment-methods",
  "/api/checklist/:date",
  "/api/checklist/apply",
  "/api/checklist/scan",
  "/api/classification/categories",
  "/api/classification/classify",
  "/api/classification/suggestions",
  "/api/feedback",
  "/api/feedback/process",
  "/api/gamification/avatar-skills",
  "/api/gamification/avatar-skills/unlock",
  "/api/gamification/avatars",
  "/api/gamification/avatars/:avatarKey/engage",
  "/api/gamification/avatars/:avatarKey/spend",
  "/api/gamification/badges",
  "/api/gamification/classification-stats",
  "/api/gamification/economy-diagnostics",
  "/api/gamification/my-rewards",
  "/api/gamification/offline-generator",
  "/api/gamification/offline-generator/buy",
  "/api/gamification/offline-generator/claim",
  "/api/gamification/offline-generator/upgrade",
  "/api/gamification/offline-skills",
  "/api/gamification/offline-skills/unlock",
  "/api/gamification/profile",
  "/api/gamification/redeem",
  "/api/gamification/rewards",
  "/api/gamification/transactions",
  "/api/gamification/wallet",
  "/api/google-sheets/auth-callback",
  "/api/google-sheets/auth-url",
  "/api/google-sheets/create-spreadsheet",
  "/api/google-sheets/export",
  "/api/google-sheets/import",
  "/api/google-sheets/spreadsheet/:id",
  "/api/google-sheets/sync",
  "/api/invoices",
  "/api/invoices/:id/confirm-payment",
  "/api/invoices/:id/events",
  "/api/invoices/:id/issue",
  "/api/invoices/mfa/challenge",
  "/api/mfa/challenge",
  "/api/notifications/preferences",
  "/api/notifications/push-public-config",
  "/api/notifications/subscriptions",
  "/api/patterns/insights",
  "/api/patterns/learn",
  "/api/patterns/suggest-deadline",
  "/api/planner/ask",
  "/api/planner/briefing",
  "/api/premium/bundle/auto-reprioritize",
  "/api/premium/bundle/reclassify-backlog",
  "/api/premium/catalog",
  "/api/premium/digests/weekly",
  "/api/premium/entitlements",
  "/api/premium/insights",
  "/api/premium/insights/:id/resolve",
  "/api/premium/reactivation-prompts",
  "/api/premium/review-workflows",
  "/api/premium/review-workflows/:id",
  "/api/premium/review-workflows/:id/run",
  "/api/premium/saved-views",
  "/api/premium/saved-views/:id",
  "/api/premium/saved-views/:id/default",
  "/api/premium/subscriptions/activate",
  "/api/premium/subscriptions/downgrade",
  "/api/premium/subscriptions/reactivate",
  "/api/public/community/posts",
  "/api/public/community/posts/:id",
  "/api/public/community/posts/:id/reply",
  "/api/public/community/tasks",
  "/api/storage/me",
  "/api/study/decks",
  "/api/study/decks/:id/cards",
  "/api/study/sessions/:id/answer",
  "/api/study/sessions/:id/summary",
  "/api/study/sessions/start",
  "/api/study/stats",
  "/api/tasks",
  "/api/tasks/:id",
  "/api/tasks/:id/classifications",
  "/api/tasks/:id/collaborators",
  "/api/tasks/:id/collaborators/:userId",
  "/api/tasks/:id/confirm-classification",
  "/api/tasks/:id/reclassify",
  "/api/tasks/:taskId/attachments",
  "/api/tasks/:taskId/attachments/link",
  "/api/tasks/import",
  "/api/tasks/priority/:priority",
  "/api/tasks/recalculate",
  "/api/tasks/recalculate/rating",
  "/api/tasks/reorder",
  "/api/tasks/review",
  "/api/tasks/review/apply",
  "/api/tasks/search/:query",
  "/api/tasks/shared",
  "/api/tasks/stats",
  "/api/tasks/status/:status",
  "/api/voice/process",
]
`;
